###############################################################################
#
# IAR ELF Linker V8.32.2.178/W32 for ARM                  11/Mar/2019  12:52:08
# Copyright 2007-2018 IAR Systems AB.
#
#    Output file  =  
#        C:\Users\varit\Desktop\WI19\CSE474\pill_dispenser_v2\pill_dispenser_embedded\Debug\Exe\pill_dispenser.out
#    Map file     =  
#        C:\Users\varit\Desktop\WI19\CSE474\pill_dispenser_v2\pill_dispenser_embedded\Debug\List\pill_dispenser.map
#    Command line =  
#        -f C:\Users\varit\AppData\Local\Temp\EWB5D7.tmp
#        (C:\Users\varit\Desktop\WI19\CSE474\pill_dispenser_v2\pill_dispenser_embedded\Debug\Obj\cstartup_M.o
#        C:\Users\varit\Desktop\WI19\CSE474\pill_dispenser_v2\pill_dispenser_embedded\Debug\Obj\gpio.o
#        C:\Users\varit\Desktop\WI19\CSE474\pill_dispenser_v2\pill_dispenser_embedded\Debug\Obj\interrupt.o
#        C:\Users\varit\Desktop\WI19\CSE474\pill_dispenser_v2\pill_dispenser_embedded\Debug\Obj\LCD_display.o
#        C:\Users\varit\Desktop\WI19\CSE474\pill_dispenser_v2\pill_dispenser_embedded\Debug\Obj\main.o
#        C:\Users\varit\Desktop\WI19\CSE474\pill_dispenser_v2\pill_dispenser_embedded\Debug\Obj\pillslot.o
#        C:\Users\varit\Desktop\WI19\CSE474\pill_dispenser_v2\pill_dispenser_embedded\Debug\Obj\PLL.o
#        C:\Users\varit\Desktop\WI19\CSE474\pill_dispenser_v2\pill_dispenser_embedded\Debug\Obj\servo.o
#        C:\Users\varit\Desktop\WI19\CSE474\pill_dispenser_v2\pill_dispenser_embedded\Debug\Obj\SSD2119.o
#        C:\Users\varit\Desktop\WI19\CSE474\pill_dispenser_v2\pill_dispenser_embedded\Debug\Obj\sysctl.o
#        C:\Users\varit\Desktop\WI19\CSE474\pill_dispenser_v2\pill_dispenser_embedded\Debug\Obj\systick.o
#        C:\Users\varit\Desktop\WI19\CSE474\pill_dispenser_v2\pill_dispenser_embedded\Debug\Obj\timer.o
#        C:\Users\varit\Desktop\WI19\CSE474\pill_dispenser_v2\pill_dispenser_embedded\Debug\Obj\uart.o
#        C:\Users\varit\Desktop\WI19\CSE474\pill_dispenser_v2\pill_dispenser_embedded\Debug\Obj\uart_pd.o
#        C:\Users\varit\Desktop\WI19\CSE474\pill_dispenser_v2\pill_dispenser_embedded\Debug\Obj\udma.o
#        --no_out_extension -o
#        C:\Users\varit\Desktop\WI19\CSE474\pill_dispenser_v2\pill_dispenser_embedded\Debug\Exe\pill_dispenser.out
#        --redirect _Printf=_PrintfFullNoMb --redirect _Scanf=_ScanfFullNoMb
#        --map
#        C:\Users\varit\Desktop\WI19\CSE474\pill_dispenser_v2\pill_dispenser_embedded\Debug\List\pill_dispenser.map
#        --config "C:\Program Files (x86)\IAR Systems\Embedded Workbench
#        8.2\arm\config\linker\TexasInstruments\TM4C123GH6.icf" --semihosting
#        --entry __iar_program_start --vfe --text_out locale)
#
###############################################################################

*******************************************************************************
*** RUNTIME MODEL ATTRIBUTES
***

CppFlavor       = *
__SystemLibrary = DLib
__dlib_version  = 6


*******************************************************************************
*** HEAP SELECTION
***

The basic heap was selected because some modules are built with
size limitations (and not runtime checking), and --advanced_heap
was not specified.


*******************************************************************************
*** PLACEMENT SUMMARY
***

"A0":  place at 0x0 { ro section .intvec };
"P1":  place in [from 0x0 to 0x3'ffff] { ro };
define block CSTACK with size = 4K, alignment = 8 { };
define block HEAP with size = 8K, alignment = 8 { };
"P2":  place in [from 0x2000'0000 to 0x2000'7fff] {
          rw, block CSTACK, block HEAP };

  Section          Kind         Address    Size  Object
  -------          ----         -------    ----  ------
"A0":                                      0xbc
  .intvec          const            0x0    0xbc  cstartup_M.o [1]
                                 - 0xbc    0xbc

"P1":                                    0x109c
  .text            ro code         0xbc   0x904  SSD2119.o [1]
  .text            ro code        0x9c0   0x210  LCD_display.o [1]
  .text            ro code        0xbd0    0x94  pillslot.o [1]
  .text            ro code        0xc64    0x56  ABImemcpy_unaligned.o [4]
  .text            ro code        0xcba    0x3a  zero_init3.o [4]
  .rodata          const          0xcf4   0x1e0  SSD2119.o [1]
  .text            ro code        0xed4    0xba  main.o [1]
  .rodata          const          0xf8e     0x2  LCD_display.o [1]
  .text            ro code        0xf90    0xb0  servo.o [1]
  .text            ro code       0x1040    0x28  data_init.o [4]
  .text            ro code       0x1068    0x22  fpinit_M.o [3]
  .iar.init_table  const         0x108c    0x10  - Linker created -
  .text            ro code       0x109c     0x2  cstartup_M.o [1]
  .text            ro code       0x10a0    0x1e  cmain.o [4]
  .text            ro code       0x10be     0x4  low_level_init.o [2]
  .text            ro code       0x10c2     0x4  exit.o [2]
  .text            ro code       0x10c6     0x2  cstartup_M.o [1]
  .text            ro code       0x10c8     0xa  cexit.o [4]
  .text            ro code       0x10d2     0x2  cstartup_M.o [1]
  .text            ro code       0x10d4    0x14  exit.o [5]
  .rodata          const         0x10e8    0x10  LCD_display.o [1]
  .rodata          const         0x10f8    0x10  LCD_display.o [1]
  .text            ro code       0x1108    0x10  cstartup_M.o [1]
  .rodata          const         0x1118     0x8  LCD_display.o [1]
  .rodata          const         0x1120     0x8  SSD2119.o [1]
  .rodata          const         0x1128     0x4  LCD_display.o [1]
  .rodata          const         0x112c     0x4  LCD_display.o [1]
  .rodata          const         0x1130     0x4  LCD_display.o [1]
  .rodata          const         0x1134     0x4  LCD_display.o [1]
  .rodata          const         0x1138     0x4  SSD2119.o [1]
  .rodata          const         0x113c     0x4  SSD2119.o [1]
  .rodata          const         0x1140     0x4  SSD2119.o [1]
  .text            ro code       0x1144     0x2  cstartup_M.o [1]
  .text            ro code       0x1146     0x2  cstartup_M.o [1]
  .text            ro code       0x1148     0x2  cstartup_M.o [1]
  .text            ro code       0x114a     0x2  cstartup_M.o [1]
  .text            ro code       0x114c     0x2  cstartup_M.o [1]
  .text            ro code       0x114e     0x2  cstartup_M.o [1]
  .text            ro code       0x1150     0x2  cstartup_M.o [1]
  .text            ro code       0x1152     0x2  cstartup_M.o [1]
  .text            ro code       0x1154     0x2  cstartup_M.o [1]
  .text            ro code       0x1156     0x2  cstartup_M.o [1]
  .rodata          const         0x1158     0x0  zero_init3.o [4]
                               - 0x1158  0x109c

"P2", part 1 of 2:                        0x188
  .bss             zero     0x2000'0000   0x150  pillslot.o [1]
  .bss             zero     0x2000'0150    0x10  servo.o [1]
  .bss             zero     0x2000'0160    0x10  servo.o [1]
  .bss             zero     0x2000'0170     0x4  servo.o [1]
  .bss             zero     0x2000'0174     0x4  servo.o [1]
  .bss             zero     0x2000'0178     0x4  servo.o [1]
  .bss             zero     0x2000'017c     0x2  SSD2119.o [1]
  .bss             zero     0x2000'017e     0x2  SSD2119.o [1]
  .bss             zero     0x2000'0180     0x2  SSD2119.o [1]
  .bss             zero     0x2000'0182     0x2  SSD2119.o [1]
  .bss             zero     0x2000'0184     0x2  SSD2119.o [1]
                          - 0x2000'0186   0x186

"P2", part 2 of 2:                       0x1000
  CSTACK                    0x2000'0188  0x1000  <Block>
    CSTACK         uninit   0x2000'0188  0x1000  <Block tail>
                          - 0x2000'1188  0x1000

Unused ranges:

         From           To      Size
         ----           --      ----
       0x1158     0x3'ffff  0x3'eea8
  0x2000'1188  0x2000'7fff    0x6e78


*******************************************************************************
*** INIT TABLE
***

          Address      Size
          -------      ----
Zero (__iar_zero_init3)
    1 destination range, total size 0x186:
          0x2000'0000  0x186



*******************************************************************************
*** MODULE SUMMARY
***

    Module                 ro code  ro data  rw data
    ------                 -------  -------  -------
command line/config:
    ------------------------------------------------
    Total:

C:\Users\varit\Desktop\WI19\CSE474\pill_dispenser_v2\pill_dispenser_embedded\Debug\Obj: [1]
    LCD_display.o              528       58
    SSD2119.o                2 308      500       10
    cstartup_M.o                42      188
    main.o                     186
    pillslot.o                 148               336
    servo.o                    176                44
    ------------------------------------------------
    Total:                   3 388      746      390

dl7M_tln.a: [2]
    exit.o                       4
    low_level_init.o             4
    ------------------------------------------------
    Total:                       8

m7M_tls.a: [3]
    fpinit_M.o                  34
    ------------------------------------------------
    Total:                      34

rt7M_tl.a: [4]
    ABImemcpy_unaligned.o       86
    cexit.o                     10
    cmain.o                     30
    data_init.o                 40
    zero_init3.o                58
    ------------------------------------------------
    Total:                     224

shb_l.a: [5]
    exit.o                      20
    ------------------------------------------------
    Total:                      20

    Gaps                         2        2
    Linker created                       16    4 096
----------------------------------------------------
    Grand Total:             3 676      764    4 486


*******************************************************************************
*** ENTRY LIST
***

Entry                       Address   Size  Type      Object
-----                       -------   ----  ----      ------
.iar.init_table$$Base        0x108c          --   Gb  - Linker created -
.iar.init_table$$Limit       0x109c          --   Gb  - Linker created -
?main                        0x10a1         Code  Gb  cmain.o [4]
ADC_Read                      0x73d   0x26  Code  Gb  SSD2119.o [1]
ADC_SetChannel                0x763   0x30  Code  Gb  SSD2119.o [1]
ASCII                         0xcf4  0x1e0  Data  Lc  SSD2119.o [1]
CSTACK$$Base            0x2000'0188          --   Gb  - Linker created -
CSTACK$$Limit           0x2000'1188          --   Gb  - Linker created -
Draw_Button                   0xa65   0x5e  Code  Gb  LCD_display.o [1]
Draw_ButtonFrame              0xa43   0x22  Code  Gb  LCD_display.o [1]
Draw_Header                   0x9c1   0x64  Code  Gb  LCD_display.o [1]
Draw_Next                     0xaf7   0xb8  Code  Gb  LCD_display.o [1]
GPIOPortA_Handler             0x92d   0x46  Code  Gb  SSD2119.o [1]
LCD_ColorFill                 0x167   0x16  Code  Gb  SSD2119.o [1]
LCD_DrawFilledRect            0x6d5   0x62  Code  Gb  SSD2119.o [1]
LCD_DrawLine                  0x56f   0xdc  Code  Gb  SSD2119.o [1]
LCD_DrawPixel                 0x53b   0x34  Code  Gb  SSD2119.o [1]
LCD_DrawRect                  0x64b   0x8a  Code  Gb  SSD2119.o [1]
LCD_Goto                      0x289   0x2e  Code  Gb  SSD2119.o [1]
LCD_PrintBinary               0x493   0x9e  Code  Gb  SSD2119.o [1]
LCD_PrintChar                 0x187   0xd4  Code  Gb  SSD2119.o [1]
LCD_PrintFloat                0x539    0x2  Code  Gb  SSD2119.o [1]
LCD_PrintHex                  0x417   0x7c  Code  Gb  SSD2119.o [1]
LCD_PrintInteger              0x3ad   0x6a  Code  Gb  SSD2119.o [1]
LCD_PrintString               0x25b   0x20  Code  Gb  SSD2119.o [1]
LCD_SetCursor                 0x27b    0xe  Code  Gb  SSD2119.o [1]
LCD_SetTextColor              0x2b7   0x14  Code  Gb  SSD2119.o [1]
LCD_WriteCommand               0xbd   0x42  Code  Gb  SSD2119.o [1]
LCD_WriteData                  0xff   0x48  Code  Gb  SSD2119.o [1]
Region$$Table$$Base          0x108c          --   Gb  - Linker created -
Region$$Table$$Limit         0x109c          --   Gb  - Linker created -
Timer2A_Handler               0xf91   0x8c  Code  Gb  servo.o [1]
Touch_ReadX                   0x799   0xd0  Code  Gb  SSD2119.o [1]
Touch_ReadY                   0x871   0xac  Code  Gb  SSD2119.o [1]
Touch_XVal              0x2000'0182    0x2  Data  Gb  SSD2119.o [1]
Touch_YVal              0x2000'0184    0x2  Data  Gb  SSD2119.o [1]
UART_Init                     0xed5   0x66  Code  Gb  main.o [1]
UART_OutChar                  0xf3b   0x10  Code  Gb  main.o [1]
__cmain                      0x10a1         Code  Gb  cmain.o [4]
__exit                       0x10d5   0x14  Code  Gb  exit.o [5]
__iar_data_init3             0x1041   0x28  Code  Gb  data_init.o [4]
__iar_init_vfp               0x1069         Code  Gb  fpinit_M.o [3]
__iar_program_start          0x1109   0x10  Code  Gb  cstartup_M.o [1]
__iar_unaligned_memcpy4
                              0xc65         Code  Gb  ABImemcpy_unaligned.o [4]
__iar_unaligned_memcpy8
                              0xc65         Code  Gb  ABImemcpy_unaligned.o [4]
__iar_zero_init3              0xcbb   0x3a  Code  Gb  zero_init3.o [4]
__low_level_init             0x10bf    0x4  Code  Gb  low_level_init.o [2]
__vector_table                  0x0   0xbc  Data  Gb  cstartup_M.o [1]
_call_main                   0x10ad         Code  Gb  cmain.o [4]
_exit                        0x10c9         Code  Gb  cexit.o [4]
_main                        0x10bb         Code  Gb  cmain.o [4]
abs                           0x17d    0xa  Code  Gb  SSD2119.o [1]
convertColor                  0x147   0x20  Code  Gb  SSD2119.o [1]
curServo                0x2000'0174    0x4  Data  Gb  servo.o [1]
cursorX                 0x2000'017c    0x2  Data  Gb  SSD2119.o [1]
cursorY                 0x2000'017e    0x2  Data  Gb  SSD2119.o [1]
enable                  0x2000'0160   0x10  Data  Gb  servo.o [1]
exit                         0x10c3    0x4  Code  Gb  exit.o [2]
getNextPill                   0xbe3   0x7e  Code  Gb  pillslot.o [1]
getPill                       0xbd1   0x12  Code  Gb  pillslot.o [1]
main                          0xf7d   0x12  Code  Gb  main.o [1]
pills                   0x2000'0000  0x150  Data  Gb  pillslot.o [1]
printTime                     0xac3   0x34  Code  Gb  LCD_display.o [1]
printf                        0x2cb   0xe2  Code  Gb  SSD2119.o [1]
px2Char                       0xa25   0x1e  Code  Gb  LCD_display.o [1]
remainderPulse          0x2000'0178    0x4  Data  Gb  servo.o [1]
servoPulse              0x2000'0150   0x10  Data  Gb  servo.o [1]
textColor               0x2000'0180    0x2  Data  Gb  SSD2119.o [1]
ticksPerMicrosecond     0x2000'0170    0x4  Data  Gb  servo.o [1]


[1] = C:\Users\varit\Desktop\WI19\CSE474\pill_dispenser_v2\pill_dispenser_embedded\Debug\Obj
[2] = dl7M_tln.a
[3] = m7M_tls.a
[4] = rt7M_tl.a
[5] = shb_l.a

  3 676 bytes of readonly  code memory
    764 bytes of readonly  data memory
  4 486 bytes of readwrite data memory

Errors: none
Warnings: none
