###############################################################################
#
# IAR ELF Linker V8.32.2.178/W32 for ARM                  12/Mar/2019  14:41:44
# Copyright 2007-2018 IAR Systems AB.
#
#    Output file  =  
#        C:\Users\podsh\Desktop\work\CSE_474\test\pill_dispenser_embedded\Debug\Exe\pill_dispenser.out
#    Map file     =  
#        C:\Users\podsh\Desktop\work\CSE_474\test\pill_dispenser_embedded\Debug\List\pill_dispenser.map
#    Command line =  
#        -f C:\Users\podsh\AppData\Local\Temp\EW7079.tmp
#        (C:\Users\podsh\Desktop\work\CSE_474\test\pill_dispenser_embedded\Debug\Obj\cstartup_M.o
#        C:\Users\podsh\Desktop\work\CSE_474\test\pill_dispenser_embedded\Debug\Obj\gpio.o
#        C:\Users\podsh\Desktop\work\CSE_474\test\pill_dispenser_embedded\Debug\Obj\interrupt.o
#        C:\Users\podsh\Desktop\work\CSE_474\test\pill_dispenser_embedded\Debug\Obj\LCD_display.o
#        C:\Users\podsh\Desktop\work\CSE_474\test\pill_dispenser_embedded\Debug\Obj\main.o
#        C:\Users\podsh\Desktop\work\CSE_474\test\pill_dispenser_embedded\Debug\Obj\pillslot.o
#        C:\Users\podsh\Desktop\work\CSE_474\test\pill_dispenser_embedded\Debug\Obj\PLL.o
#        C:\Users\podsh\Desktop\work\CSE_474\test\pill_dispenser_embedded\Debug\Obj\servo.o
#        C:\Users\podsh\Desktop\work\CSE_474\test\pill_dispenser_embedded\Debug\Obj\SSD2119.o
#        C:\Users\podsh\Desktop\work\CSE_474\test\pill_dispenser_embedded\Debug\Obj\sysctl.o
#        C:\Users\podsh\Desktop\work\CSE_474\test\pill_dispenser_embedded\Debug\Obj\systick.o
#        C:\Users\podsh\Desktop\work\CSE_474\test\pill_dispenser_embedded\Debug\Obj\timer.o
#        C:\Users\podsh\Desktop\work\CSE_474\test\pill_dispenser_embedded\Debug\Obj\uart.o
#        C:\Users\podsh\Desktop\work\CSE_474\test\pill_dispenser_embedded\Debug\Obj\uart_pd.o
#        C:\Users\podsh\Desktop\work\CSE_474\test\pill_dispenser_embedded\Debug\Obj\udma.o
#        --no_out_extension -o
#        C:\Users\podsh\Desktop\work\CSE_474\test\pill_dispenser_embedded\Debug\Exe\pill_dispenser.out
#        --redirect _Printf=_PrintfFullNoMb --redirect _Scanf=_ScanfFullNoMb
#        --map
#        C:\Users\podsh\Desktop\work\CSE_474\test\pill_dispenser_embedded\Debug\List\pill_dispenser.map
#        --config "C:\Program Files (x86)\IAR Systems\Embedded Workbench
#        8.2\arm\config\linker\TexasInstruments\TM4C123GH6.icf" --semihosting
#        --entry __iar_program_start --vfe --text_out locale)
#
###############################################################################

*******************************************************************************
*** RUNTIME MODEL ATTRIBUTES
***

CppFlavor       = *
__SystemLibrary = DLib
__dlib_version  = 6


*******************************************************************************
*** HEAP SELECTION
***

The basic heap was selected because some modules are built with
size limitations (and not runtime checking), and --advanced_heap
was not specified.


*******************************************************************************
*** PLACEMENT SUMMARY
***

"A0":  place at 0x0 { ro section .intvec };
"P1":  place in [from 0x0 to 0x3'ffff] { ro };
define block CSTACK with size = 4K, alignment = 8 { };
define block HEAP with size = 8K, alignment = 8 { };
"P2":  place in [from 0x2000'0000 to 0x2000'7fff] {
          rw, block CSTACK, block HEAP };
initialize by copy { rw };

  Section            Kind         Address    Size  Object
  -------            ----         -------    ----  ------
"A0":                                        0xbc
  .intvec            const            0x0    0xbc  cstartup_M.o [1]
                                   - 0xbc    0xbc

"P1":                                      0x2789
  .text              ro code         0xbc   0xc70  SSD2119.o [1]
  .text              ro code        0xd2c    0x56  ABImemcpy_unaligned.o [4]
  .text              ro code        0xd82    0x3a  zero_init3.o [4]
  .text              ro code        0xdbc   0x8dc  LCD_display.o [1]
  .text              ro code       0x1698    0xf4  pillslot.o [1]
  .text              ro code       0x178c    0x22  S32ToDbl.o [3]
  .rodata            const         0x17ae     0x2  LCD_display.o [1]
  .text              ro code       0x17b0   0x1a2  DblMul.o [3]
  .rodata            const         0x1952     0x2  LCD_display.o [1]
  .text              ro code       0x1954   0x17a  DblAdd.o [3]
  .text              ro code       0x1ace     0x2  cstartup_M.o [1]
  .text              ro code       0x1ad0    0x3a  DblToS32.o [3]
  .text              ro code       0x1b0a     0x2  cstartup_M.o [1]
  .text              ro code       0x1b0c    0x2e  DblCmpLe.o [3]
  .text              ro code       0x1b3a     0x2  cstartup_M.o [1]
  .text              ro code       0x1b3c   0x2e4  servo.o [1]
  .text              ro code       0x1e20   0x22c  uart_pd.o [1]
  .text              ro code       0x204c    0xe2  DblSub.o [3]
  .text              ro code       0x212e     0x2  cstartup_M.o [1]
  .text              ro code       0x2130   0x246  DblDiv.o [3]
  .text              ro code       0x2376     0x2  cstartup_M.o [1]
  .rodata            const         0x2378   0x1e0  SSD2119.o [1]
  .text              ro code       0x2558   0x108  main.o [1]
  .text              ro code       0x2660    0x38  packbits_init_single.o [4]
  .text              ro code       0x2698    0x28  data_init.o [4]
  .text              ro code       0x26c0    0x22  fpinit_M.o [3]
  .iar.init_table    const         0x26e4    0x20  - Linker created -
  .text              ro code       0x2704     0x2  cstartup_M.o [1]
  .text              ro code       0x2708    0x1e  cmain.o [4]
  .text              ro code       0x2726     0x4  low_level_init.o [2]
  .text              ro code       0x272a     0x4  exit.o [2]
  .text              ro code       0x272e     0x2  cstartup_M.o [1]
  .text              ro code       0x2730     0xa  cexit.o [4]
  .text              ro code       0x273a     0x2  cstartup_M.o [1]
  .text              ro code       0x273c    0x14  exit.o [5]
  .rodata            const         0x2750    0x1c  SSD2119.o [1]
  .rodata            const         0x276c    0x10  LCD_display.o [1]
  .rodata            const         0x277c    0x10  LCD_display.o [1]
  .rodata            const         0x278c    0x10  LCD_display.o [1]
  .text              ro code       0x279c    0x10  cstartup_M.o [1]
  .rodata            const         0x27ac     0xc  LCD_display.o [1]
  .rodata            const         0x27b8     0xc  LCD_display.o [1]
  .rodata            const         0x27c4     0x8  LCD_display.o [1]
  .rodata            const         0x27cc     0x8  LCD_display.o [1]
  .rodata            const         0x27d4     0x8  LCD_display.o [1]
  .rodata            const         0x27dc     0x8  LCD_display.o [1]
  .rodata            const         0x27e4     0x8  SSD2119.o [1]
  .rodata            const         0x27ec     0x4  LCD_display.o [1]
  .rodata            const         0x27f0     0x4  LCD_display.o [1]
  .rodata            const         0x27f4     0x4  LCD_display.o [1]
  .rodata            const         0x27f8     0x4  LCD_display.o [1]
  .rodata            const         0x27fc     0x4  LCD_display.o [1]
  .rodata            const         0x2800     0x4  SSD2119.o [1]
  .rodata            const         0x2804     0x4  SSD2119.o [1]
  .rodata            const         0x2808     0x4  SSD2119.o [1]
  .text              ro code       0x280c     0x2  cstartup_M.o [1]
  .text              ro code       0x280e     0x2  cstartup_M.o [1]
  .text              ro code       0x2810     0x2  cstartup_M.o [1]
  .text              ro code       0x2812     0x2  cstartup_M.o [1]
  .text              ro code       0x2814     0x2  cstartup_M.o [1]
  .rodata            const         0x2816     0x0  zero_init3.o [4]
  .rodata            const         0x2816     0x0  packbits_init_single.o [4]
  Initializer bytes  const         0x2816    0x2f  <for P2-1>
                                 - 0x2845  0x2789

"P2", part 1 of 3:                           0x51
  P2-1                        0x2000'0000    0x51  <Init block>
    .data            inited   0x2000'0000    0x48  LCD_display.o [1]
    .data            inited   0x2000'0048     0x4  uart_pd.o [1]
    .data            inited   0x2000'004c     0x4  uart_pd.o [1]
    .data            inited   0x2000'0050     0x1  LCD_display.o [1]
                            - 0x2000'0051    0x51

"P2", part 2 of 3:                          0x240
  .bss               zero     0x2000'0054   0x1f8  pillslot.o [1]
  .bss               zero     0x2000'024c    0x10  servo.o [1]
  .bss               zero     0x2000'025c    0x10  servo.o [1]
  .bss               zero     0x2000'026c     0x4  LCD_display.o [1]
  .bss               zero     0x2000'0270     0x4  LCD_display.o [1]
  .bss               zero     0x2000'0274     0x4  LCD_display.o [1]
  .bss               zero     0x2000'0278     0x4  pillslot.o [1]
  .bss               zero     0x2000'027c     0x4  servo.o [1]
  .bss               zero     0x2000'0280     0x4  servo.o [1]
  .bss               zero     0x2000'0284     0x4  servo.o [1]
  .bss               zero     0x2000'0288     0x2  SSD2119.o [1]
  .bss               zero     0x2000'028a     0x2  SSD2119.o [1]
  .bss               zero     0x2000'028c     0x2  SSD2119.o [1]
  .bss               zero     0x2000'028e     0x2  SSD2119.o [1]
  .bss               zero     0x2000'0290     0x2  SSD2119.o [1]
                            - 0x2000'0292   0x23e

"P2", part 3 of 3:                         0x1000
  CSTACK                      0x2000'0298  0x1000  <Block>
    CSTACK           uninit   0x2000'0298  0x1000  <Block tail>
                            - 0x2000'1298  0x1000

Unused ranges:

         From           To      Size
         ----           --      ----
       0x2845     0x3'ffff  0x3'd7bb
  0x2000'0051  0x2000'0053       0x3
  0x2000'0294  0x2000'0297       0x4
  0x2000'1298  0x2000'7fff    0x6d68


*******************************************************************************
*** INIT TABLE
***

          Address      Size
          -------      ----
Zero (__iar_zero_init3)
    1 destination range, total size 0x23e:
          0x2000'0054  0x23e

Copy/packbits (__iar_packbits_init_single3)
    1 source range, total size 0x2f (58% of destination):
               0x2816   0x2f
    1 destination range, total size 0x51:
          0x2000'0000   0x51



*******************************************************************************
*** MODULE SUMMARY
***

    Module                  ro code  ro data  rw data
    ------                  -------  -------  -------
command line/config:
    -------------------------------------------------
    Total:

C:\Users\podsh\Desktop\work\CSE_474\test\pill_dispenser_embedded\Debug\Obj: [1]
    LCD_display.o             2 268      170       85
    SSD2119.o                 3 184      528       10
    cstartup_M.o                 42      188
    main.o                      264
    pillslot.o                  244               508
    servo.o                     740                44
    uart_pd.o                   556        5        8
    -------------------------------------------------
    Total:                    7 298      891      655

dl7M_tln.a: [2]
    exit.o                        4
    low_level_init.o              4
    -------------------------------------------------
    Total:                        8

m7M_tls.a: [3]
    DblAdd.o                    378
    DblCmpLe.o                   46
    DblDiv.o                    582
    DblMul.o                    418
    DblSub.o                    226
    DblToS32.o                   58
    S32ToDbl.o                   34
    fpinit_M.o                   34
    -------------------------------------------------
    Total:                    1 776

rt7M_tl.a: [4]
    ABImemcpy_unaligned.o        86
    cexit.o                      10
    cmain.o                      30
    data_init.o                  40
    packbits_init_single.o       56
    zero_init3.o                 58
    -------------------------------------------------
    Total:                      280

shb_l.a: [5]
    exit.o                       20
    -------------------------------------------------
    Total:                       20

    Gaps                          2        2
    Linker created                        32    4 096
-----------------------------------------------------
    Grand Total:              9 384      925    4 751


*******************************************************************************
*** ENTRY LIST
***

Entry                       Address   Size  Type      Object
-----                       -------   ----  ----      ------
.iar.init_table$$Base        0x26e4          --   Gb  - Linker created -
.iar.init_table$$Limit       0x2704          --   Gb  - Linker created -
?main                        0x2709         Code  Gb  cmain.o [4]
ADC_Init                      0x9b3   0x80  Code  Gb  SSD2119.o [1]
ADC_Read                      0xa33   0x26  Code  Gb  SSD2119.o [1]
ADC_SetChannel                0xa5d   0x30  Code  Gb  SSD2119.o [1]
ASCII                        0x2378  0x1e0  Data  Lc  SSD2119.o [1]
CSTACK$$Base            0x2000'0298          --   Gb  - Linker created -
CSTACK$$Limit           0x2000'1298          --   Gb  - Linker created -
Draw_Button                   0xe61   0x5e  Code  Gb  LCD_display.o [1]
Draw_ButtonFrame              0xe3f   0x22  Code  Gb  LCD_display.o [1]
Draw_Header                   0xdbd   0x64  Code  Gb  LCD_display.o [1]
Draw_Next                     0xef3   0xc2  Code  Gb  LCD_display.o [1]
Draw_SlotFrame                0xfb5  0x116  Code  Gb  LCD_display.o [1]
Draw_Slots                   0x1369   0x3c  Code  Gb  LCD_display.o [1]
GPIOPortA_Handler             0xc75   0x46  Code  Gb  SSD2119.o [1]
LCD_ColorFill                 0x385   0x16  Code  Gb  SSD2119.o [1]
LCD_DrawFilledRect            0x90d   0x62  Code  Gb  SSD2119.o [1]
LCD_DrawLine                  0x7a7   0xdc  Code  Gb  SSD2119.o [1]
LCD_DrawPixel                 0x773   0x34  Code  Gb  SSD2119.o [1]
LCD_DrawRect                  0x883   0x8a  Code  Gb  SSD2119.o [1]
LCD_GPIOInit                   0xbd   0x7c  Code  Gb  SSD2119.o [1]
LCD_Goto                      0x4a7   0x2e  Code  Gb  SSD2119.o [1]
LCD_Init                      0x1c3  0x1a2  Code  Gb  SSD2119.o [1]
LCD_PrintBinary               0x6b1   0x9e  Code  Gb  SSD2119.o [1]
LCD_PrintChar                 0x3a5   0xd4  Code  Gb  SSD2119.o [1]
LCD_PrintFloat                0x771    0x2  Code  Gb  SSD2119.o [1]
LCD_PrintHex                  0x635   0x7c  Code  Gb  SSD2119.o [1]
LCD_PrintInteger              0x5cb   0x6a  Code  Gb  SSD2119.o [1]
LCD_PrintString               0x479   0x20  Code  Gb  SSD2119.o [1]
LCD_SetCursor                 0x499    0xe  Code  Gb  SSD2119.o [1]
LCD_SetTextColor              0x4d5   0x14  Code  Gb  SSD2119.o [1]
LCD_WriteCommand              0x139   0x42  Code  Gb  SSD2119.o [1]
LCD_WriteData                 0x17b   0x48  Code  Gb  SSD2119.o [1]
Region$$Table$$Base          0x26e4          --   Gb  - Linker created -
Region$$Table$$Limit         0x2704          --   Gb  - Linker created -
ResetTimer0                  0x1b71    0xc  Code  Gb  servo.o [1]
SLOT_COLOR              0x2000'0000   0x48  Data  Gb  LCD_display.o [1]
StartTimer0                  0x1b65    0xc  Code  Gb  servo.o [1]
Timeout0                     0x1b83    0xa  Code  Gb  servo.o [1]
Timer0_Init                  0x1b3d   0x28  Code  Gb  servo.o [1]
Timer2A_Handler              0x1d1b   0x8c  Code  Gb  servo.o [1]
Touch_GetCoords               0xc21   0x4e  Code  Gb  SSD2119.o [1]
Touch_Init                    0x975   0x3e  Code  Gb  SSD2119.o [1]
Touch_ReadX                   0xa91   0xd0  Code  Gb  SSD2119.o [1]
Touch_ReadY                   0xb69   0xac  Code  Gb  SSD2119.o [1]
Touch_XVal              0x2000'028e    0x2  Data  Gb  SSD2119.o [1]
Touch_YVal              0x2000'0290    0x2  Data  Gb  SSD2119.o [1]
__aeabi_cdcmple              0x1b0d         Code  Gb  DblCmpLe.o [3]
__aeabi_d2iz                 0x1ad1         Code  Gb  DblToS32.o [3]
__aeabi_dadd                 0x1955         Code  Gb  DblAdd.o [3]
__aeabi_ddiv                 0x2131         Code  Gb  DblDiv.o [3]
__aeabi_dmul                 0x17b1         Code  Gb  DblMul.o [3]
__aeabi_dsub                 0x204d         Code  Gb  DblSub.o [3]
__aeabi_i2d                  0x178d         Code  Gb  S32ToDbl.o [3]
__cmain                      0x2709         Code  Gb  cmain.o [4]
__exit                       0x273d   0x14  Code  Gb  exit.o [5]
__iar_dadd                   0x205d         Code  Gb  DblSub.o [3]
__iar_data_init3             0x2699   0x28  Code  Gb  data_init.o [4]
__iar_dsub                   0x1965         Code  Gb  DblAdd.o [3]
__iar_dsubStart              0x1977         Code  Gb  DblAdd.o [3]
__iar_init_vfp               0x26c1         Code  Gb  fpinit_M.o [3]
__iar_packbits_init_single3
                             0x2661   0x38  Code  Gb  packbits_init_single.o [4]
__iar_program_start          0x279d   0x10  Code  Gb  cstartup_M.o [1]
__iar_unaligned_memcpy4
                              0xd2d         Code  Gb  ABImemcpy_unaligned.o [4]
__iar_unaligned_memcpy8
                              0xd2d         Code  Gb  ABImemcpy_unaligned.o [4]
__iar_zero_init3              0xd83   0x3a  Code  Gb  zero_init3.o [4]
__low_level_init             0x2727    0x4  Code  Gb  low_level_init.o [2]
__vector_table                  0x0   0xbc  Data  Gb  cstartup_M.o [1]
_call_main                   0x2715         Code  Gb  cmain.o [4]
_exit                        0x2731         Code  Gb  cexit.o [4]
_main                        0x2723         Code  Gb  cmain.o [4]
abs                           0x39b    0xa  Code  Gb  SSD2119.o [1]
baud_rate               0x2000'004c    0x4  Data  Gb  uart_pd.o [1]
buttonPressPill              0x1465   0x3e  Code  Gb  LCD_display.o [1]
buttonPressSlot              0x13a5   0xc0  Code  Gb  LCD_display.o [1]
calcuatePeriod               0x1c3f   0x20  Code  Gb  servo.o [1]
clock_rate              0x2000'0048    0x4  Data  Gb  uart_pd.o [1]
convertColor                  0x365   0x20  Code  Gb  SSD2119.o [1]
curServo                0x2000'0280    0x4  Data  Gb  servo.o [1]
cursorX                 0x2000'0288    0x2  Data  Gb  SSD2119.o [1]
cursorY                 0x2000'028a    0x2  Data  Gb  SSD2119.o [1]
dispense                     0x2559    0x8  Code  Gb  main.o [1]
dispenseSlot                 0x1cd7   0x44  Code  Gb  servo.o [1]
enable                  0x2000'025c   0x10  Data  Gb  servo.o [1]
exit                         0x272b    0x4  Code  Gb  exit.o [2]
getNextPill                  0x1707   0x7e  Code  Gb  pillslot.o [1]
getPill                      0x16f5   0x12  Code  Gb  pillslot.o [1]
get_fbrd                     0x1ed1   0x6c  Code  Gb  uart_pd.o [1]
get_ibrd                     0x1e99   0x38  Code  Gb  uart_pd.o [1]
main                         0x25c1   0xa0  Code  Gb  main.o [1]
page                    0x2000'0050    0x1  Data  Gb  LCD_display.o [1]
pills                   0x2000'0054  0x1f8  Data  Gb  pillslot.o [1]
pll_Init                     0x1e21   0x78  Code  Gb  uart_pd.o [1]
portD_Init                   0x1be3   0x5c  Code  Gb  servo.o [1]
prevX                   0x2000'026c    0x4  Data  Gb  LCD_display.o [1]
prevY                   0x2000'0270    0x4  Data  Gb  LCD_display.o [1]
printPill                    0x10cb  0x126  Code  Gb  LCD_display.o [1]
printTime                     0xebf   0x34  Code  Gb  LCD_display.o [1]
printf                        0x4e9   0xe2  Code  Gb  SSD2119.o [1]
px2Char                       0xe21   0x1e  Code  Gb  LCD_display.o [1]
readCoor                     0x14a3   0xd4  Code  Gb  LCD_display.o [1]
remainderPulse          0x2000'0284    0x4  Data  Gb  servo.o [1]
removeSlot                   0x16d3   0x22  Code  Gb  pillslot.o [1]
servoPulse              0x2000'024c   0x10  Data  Gb  servo.o [1]
servo_Init                   0x1c5f   0x4e  Code  Gb  servo.o [1]
servo_write                  0x1cad   0x2a  Code  Gb  servo.o [1]
setAmount                    0x16c7    0xc  Code  Gb  pillslot.o [1]
setName                      0x1699   0x2e  Code  Gb  pillslot.o [1]
setTime0                     0x1b7d    0x6  Code  Gb  servo.o [1]
slotSize                0x2000'0278    0x4  Data  Gb  pillslot.o [1]
switchPage                   0x1577   0xb4  Code  Gb  LCD_display.o [1]
textColor               0x2000'028c    0x2  Data  Gb  SSD2119.o [1]
ticksPerMicrosecond     0x2000'027c    0x4  Data  Gb  servo.o [1]
timer2A_Init                 0x1b8d   0x56  Code  Gb  servo.o [1]
touch                   0x2000'0274    0x4  Data  Gb  LCD_display.o [1]
uart1_Init                   0x1f3d   0x84  Code  Gb  uart_pd.o [1]
uart1_inchar                 0x1fd1   0x10  Code  Gb  uart_pd.o [1]
uart1_inchar_non_block       0x1fe1   0x14  Code  Gb  uart_pd.o [1]
uart1_outchar                0x1fc1   0x10  Code  Gb  uart_pd.o [1]
updateCount                  0x2599   0x28  Code  Gb  main.o [1]
updateCountDisplay           0x11f1   0xa2  Code  Gb  LCD_display.o [1]
updateName                   0x2561   0x38  Code  Gb  main.o [1]
updateNameDisplay            0x1293   0xd6  Code  Gb  LCD_display.o [1]


[1] = C:\Users\podsh\Desktop\work\CSE_474\test\pill_dispenser_embedded\Debug\Obj
[2] = dl7M_tln.a
[3] = m7M_tls.a
[4] = rt7M_tl.a
[5] = shb_l.a

  9 384 bytes of readonly  code memory
    925 bytes of readonly  data memory
  4 751 bytes of readwrite data memory

Errors: none
Warnings: none
