###############################################################################
#
# IAR ELF Linker V8.32.2.178/W32 for ARM                  11/Mar/2019  15:43:06
# Copyright 2007-2018 IAR Systems AB.
#
#    Output file  =  
#        C:\Users\podsh\Desktop\work\CSE_474\test\pill_dispenser_embedded\Debug\Exe\pill_dispenser.out
#    Map file     =  
#        C:\Users\podsh\Desktop\work\CSE_474\test\pill_dispenser_embedded\Debug\List\pill_dispenser.map
#    Command line =  
#        -f C:\Users\podsh\AppData\Local\Temp\EW4372.tmp
#        (C:\Users\podsh\Desktop\work\CSE_474\test\pill_dispenser_embedded\Debug\Obj\cstartup_M.o
#        C:\Users\podsh\Desktop\work\CSE_474\test\pill_dispenser_embedded\Debug\Obj\gpio.o
#        C:\Users\podsh\Desktop\work\CSE_474\test\pill_dispenser_embedded\Debug\Obj\interrupt.o
#        C:\Users\podsh\Desktop\work\CSE_474\test\pill_dispenser_embedded\Debug\Obj\LCD_display.o
#        C:\Users\podsh\Desktop\work\CSE_474\test\pill_dispenser_embedded\Debug\Obj\main.o
#        C:\Users\podsh\Desktop\work\CSE_474\test\pill_dispenser_embedded\Debug\Obj\pillslot.o
#        C:\Users\podsh\Desktop\work\CSE_474\test\pill_dispenser_embedded\Debug\Obj\PLL.o
#        C:\Users\podsh\Desktop\work\CSE_474\test\pill_dispenser_embedded\Debug\Obj\servo.o
#        C:\Users\podsh\Desktop\work\CSE_474\test\pill_dispenser_embedded\Debug\Obj\SSD2119.o
#        C:\Users\podsh\Desktop\work\CSE_474\test\pill_dispenser_embedded\Debug\Obj\sysctl.o
#        C:\Users\podsh\Desktop\work\CSE_474\test\pill_dispenser_embedded\Debug\Obj\systick.o
#        C:\Users\podsh\Desktop\work\CSE_474\test\pill_dispenser_embedded\Debug\Obj\timer.o
#        C:\Users\podsh\Desktop\work\CSE_474\test\pill_dispenser_embedded\Debug\Obj\uart.o
#        C:\Users\podsh\Desktop\work\CSE_474\test\pill_dispenser_embedded\Debug\Obj\uart_pd.o
#        C:\Users\podsh\Desktop\work\CSE_474\test\pill_dispenser_embedded\Debug\Obj\udma.o
#        --no_out_extension -o
#        C:\Users\podsh\Desktop\work\CSE_474\test\pill_dispenser_embedded\Debug\Exe\pill_dispenser.out
#        --redirect _Printf=_PrintfFullNoMb --redirect _Scanf=_ScanfFullNoMb
#        --map
#        C:\Users\podsh\Desktop\work\CSE_474\test\pill_dispenser_embedded\Debug\List\pill_dispenser.map
#        --config "C:\Program Files (x86)\IAR Systems\Embedded Workbench
#        8.2\arm\config\linker\TexasInstruments\TM4C123GH6.icf" --semihosting
#        --entry __iar_program_start --vfe --text_out locale)
#
###############################################################################

*******************************************************************************
*** RUNTIME MODEL ATTRIBUTES
***

CppFlavor       = *
__SystemLibrary = DLib
__dlib_version  = 6


*******************************************************************************
*** HEAP SELECTION
***

The basic heap was selected because some modules are built with
size limitations (and not runtime checking), and --advanced_heap
was not specified.


*******************************************************************************
*** PLACEMENT SUMMARY
***

"A0":  place at 0x0 { ro section .intvec };
"P1":  place in [from 0x0 to 0x3'ffff] { ro };
define block CSTACK with size = 4K, alignment = 8 { };
define block HEAP with size = 8K, alignment = 8 { };
"P2":  place in [from 0x2000'0000 to 0x2000'7fff] {
          rw, block CSTACK, block HEAP };
initialize by copy { rw };

  Section            Kind         Address    Size  Object
  -------            ----         -------    ----  ------
"A0":                                        0xbc
  .intvec            const            0x0    0xbc  cstartup_M.o [1]
                                   - 0xbc    0xbc

"P1":                                      0x2d33
  .text              ro code         0xbc   0xc70  SSD2119.o [1]
  .text              ro code        0xd2c    0x76  ABImemcpy_unaligned.o [4]
  .text              ro code        0xda2    0x3a  zero_init3.o [4]
  .text              ro code        0xddc   0x84c  LCD_display.o [1]
  .text              ro code       0x1628   0x130  pillslot.o [1]
  .text              ro code       0x1758    0x22  S32ToDbl.o [3]
  .rodata            const         0x177a     0x2  LCD_display.o [1]
  .text              ro code       0x177c   0x17a  DblAdd.o [3]
  .text              ro code       0x18f6     0x2  cstartup_M.o [1]
  .text              ro code       0x18f8    0x3a  DblToS32.o [3]
  .text              ro code       0x1932     0x2  cstartup_M.o [1]
  .text              ro code       0x1934    0x2e  DblCmpLe.o [3]
  .text              ro code       0x1962     0x2  cstartup_M.o [1]
  .text              ro code       0x1964   0x2e8  servo.o [1]
  .text              ro code       0x1c4c   0x4cc  qsort.o [2]
  .text              ro code       0x2118    0xe2  DblSub.o [3]
  .text              ro code       0x21fa     0x2  cstartup_M.o [1]
  .text              ro code       0x21fc    0x78  ABImemmove_unaligned.o [4]
  .text              ro code       0x2274   0x246  DblDiv.o [3]
  .text              ro code       0x24ba     0x2  cstartup_M.o [1]
  .text              ro code       0x24bc   0x21c  uart_pd.o [1]
  .text              ro code       0x26d8   0x1a2  DblMul.o [3]
  .text              ro code       0x287a     0x2  cstartup_M.o [1]
  .rodata            const         0x287c   0x1e0  SSD2119.o [1]
  .text              ro code       0x2a5c   0x180  main.o [1]
  .text              ro code       0x2bdc    0x38  packbits_init_single.o [4]
  .text              ro code       0x2c14    0x28  data_init.o [4]
  .text              ro code       0x2c3c    0x22  fpinit_M.o [3]
  .iar.init_table    const         0x2c60    0x20  - Linker created -
  .text              ro code       0x2c80     0x2  cstartup_M.o [1]
  .text              ro code       0x2c84    0x1e  cmain.o [4]
  .text              ro code       0x2ca2     0x4  low_level_init.o [2]
  .text              ro code       0x2ca6     0x4  exit.o [2]
  .text              ro code       0x2caa     0x2  cstartup_M.o [1]
  .text              ro code       0x2cac     0xa  cexit.o [4]
  .text              ro code       0x2cb6     0x2  cstartup_M.o [1]
  .text              ro code       0x2cb8    0x14  exit.o [5]
  .rodata            const         0x2ccc    0x1c  SSD2119.o [1]
  .rodata            const         0x2ce8    0x10  LCD_display.o [1]
  .rodata            const         0x2cf8    0x10  LCD_display.o [1]
  .rodata            const         0x2d08    0x10  LCD_display.o [1]
  .text              ro code       0x2d18    0x10  cstartup_M.o [1]
  .rodata            const         0x2d28     0xc  LCD_display.o [1]
  .rodata            const         0x2d34     0xc  LCD_display.o [1]
  .rodata            const         0x2d40     0xc  LCD_display.o [1]
  .rodata            const         0x2d4c     0xc  LCD_display.o [1]
  .rodata            const         0x2d58     0x8  LCD_display.o [1]
  .rodata            const         0x2d60     0x8  LCD_display.o [1]
  .rodata            const         0x2d68     0x8  LCD_display.o [1]
  .rodata            const         0x2d70     0x8  LCD_display.o [1]
  .rodata            const         0x2d78     0x8  LCD_display.o [1]
  .rodata            const         0x2d80     0x8  main.o [1]
  .rodata            const         0x2d88     0x8  SSD2119.o [1]
  .rodata            const         0x2d90     0x4  LCD_display.o [1]
  .rodata            const         0x2d94     0x4  LCD_display.o [1]
  .rodata            const         0x2d98     0x4  LCD_display.o [1]
  .rodata            const         0x2d9c     0x4  LCD_display.o [1]
  .rodata            const         0x2da0     0x4  LCD_display.o [1]
  .rodata            const         0x2da4     0x4  main.o [1]
  .rodata            const         0x2da8     0x4  main.o [1]
  .rodata            const         0x2dac     0x4  SSD2119.o [1]
  .rodata            const         0x2db0     0x4  SSD2119.o [1]
  .rodata            const         0x2db4     0x4  SSD2119.o [1]
  .text              ro code       0x2db8     0x2  cstartup_M.o [1]
  .text              ro code       0x2dba     0x2  cstartup_M.o [1]
  .text              ro code       0x2dbc     0x2  cstartup_M.o [1]
  .text              ro code       0x2dbe     0x2  cstartup_M.o [1]
  .rodata            const         0x2dc0     0x0  zero_init3.o [4]
  .rodata            const         0x2dc0     0x0  packbits_init_single.o [4]
  Initializer bytes  const         0x2dc0    0x2f  <for P2-1>
                                 - 0x2def  0x2d33

"P2", part 1 of 3:                           0x51
  P2-1                        0x2000'0000    0x51  <Init block>
    .data            inited   0x2000'0000    0x48  LCD_display.o [1]
    .data            inited   0x2000'0048     0x4  uart_pd.o [1]
    .data            inited   0x2000'004c     0x4  uart_pd.o [1]
    .data            inited   0x2000'0050     0x1  LCD_display.o [1]
                            - 0x2000'0051    0x51

"P2", part 2 of 3:                          0x23c
  .bss               zero     0x2000'0054   0x1f8  pillslot.o [1]
  .bss               zero     0x2000'024c    0x10  servo.o [1]
  .bss               zero     0x2000'025c    0x10  servo.o [1]
  .bss               zero     0x2000'026c     0x4  LCD_display.o [1]
  .bss               zero     0x2000'0270     0x4  LCD_display.o [1]
  .bss               zero     0x2000'0274     0x4  LCD_display.o [1]
  .bss               zero     0x2000'0278     0x4  servo.o [1]
  .bss               zero     0x2000'027c     0x4  servo.o [1]
  .bss               zero     0x2000'0280     0x4  servo.o [1]
  .bss               zero     0x2000'0284     0x2  SSD2119.o [1]
  .bss               zero     0x2000'0286     0x2  SSD2119.o [1]
  .bss               zero     0x2000'0288     0x2  SSD2119.o [1]
  .bss               zero     0x2000'028a     0x2  SSD2119.o [1]
  .bss               zero     0x2000'028c     0x2  SSD2119.o [1]
                            - 0x2000'028e   0x23a

"P2", part 3 of 3:                         0x1000
  CSTACK                      0x2000'0290  0x1000  <Block>
    CSTACK           uninit   0x2000'0290  0x1000  <Block tail>
                            - 0x2000'1290  0x1000

Unused ranges:

         From           To      Size
         ----           --      ----
       0x2def     0x3'ffff  0x3'd211
  0x2000'0051  0x2000'0053       0x3
  0x2000'1290  0x2000'7fff    0x6d70


*******************************************************************************
*** INIT TABLE
***

          Address      Size
          -------      ----
Zero (__iar_zero_init3)
    1 destination range, total size 0x23a:
          0x2000'0054  0x23a

Copy/packbits (__iar_packbits_init_single3)
    1 source range, total size 0x2f (58% of destination):
               0x2dc0   0x2f
    1 destination range, total size 0x51:
          0x2000'0000   0x51



*******************************************************************************
*** MODULE SUMMARY
***

    Module                  ro code  ro data  rw data
    ------                  -------  -------  -------
command line/config:
    -------------------------------------------------
    Total:

C:\Users\podsh\Desktop\work\CSE_474\test\pill_dispenser_embedded\Debug\Obj: [1]
    LCD_display.o             2 124      200       85
    SSD2119.o                 3 184      528       10
    cstartup_M.o                 42      188
    main.o                      384       16
    pillslot.o                  304               504
    servo.o                     744                44
    uart_pd.o                   540        5        8
    -------------------------------------------------
    Total:                    7 322      937      651

dl7M_tln.a: [2]
    exit.o                        4
    low_level_init.o              4
    qsort.o                   1 228
    -------------------------------------------------
    Total:                    1 236

m7M_tls.a: [3]
    DblAdd.o                    378
    DblCmpLe.o                   46
    DblDiv.o                    582
    DblMul.o                    418
    DblSub.o                    226
    DblToS32.o                   58
    S32ToDbl.o                   34
    fpinit_M.o                   34
    -------------------------------------------------
    Total:                    1 776

rt7M_tl.a: [4]
    ABImemcpy_unaligned.o       118
    ABImemmove_unaligned.o      120
    cexit.o                      10
    cmain.o                      30
    data_init.o                  40
    packbits_init_single.o       56
    zero_init3.o                 58
    -------------------------------------------------
    Total:                      432

shb_l.a: [5]
    exit.o                       20
    -------------------------------------------------
    Total:                       20

    Gaps                          2        2
    Linker created                        32    4 096
-----------------------------------------------------
    Grand Total:             10 788      971    4 747


*******************************************************************************
*** ENTRY LIST
***

Entry                       Address   Size  Type      Object
-----                       -------   ----  ----      ------
.iar.init_table$$Base        0x2c60          --   Gb  - Linker created -
.iar.init_table$$Limit       0x2c80          --   Gb  - Linker created -
?main                        0x2c85         Code  Gb  cmain.o [4]
ADC_Init                      0x9b3   0x80  Code  Gb  SSD2119.o [1]
ADC_Read                      0xa33   0x26  Code  Gb  SSD2119.o [1]
ADC_SetChannel                0xa5d   0x30  Code  Gb  SSD2119.o [1]
ASCII                        0x287c  0x1e0  Data  Lc  SSD2119.o [1]
CSTACK$$Base            0x2000'0290          --   Gb  - Linker created -
CSTACK$$Limit           0x2000'1290          --   Gb  - Linker created -
Draw_Button                   0xe81   0x5e  Code  Gb  LCD_display.o [1]
Draw_ButtonFrame              0xe5f   0x22  Code  Gb  LCD_display.o [1]
Draw_Header                   0xddd   0x64  Code  Gb  LCD_display.o [1]
Draw_Next                     0xf13   0xc2  Code  Gb  LCD_display.o [1]
Draw_SlotFrame               0x1117  0x116  Code  Gb  LCD_display.o [1]
Draw_Slots                   0x1231  0x100  Code  Gb  LCD_display.o [1]
GPIOPortA_Handler             0xc75   0x46  Code  Gb  SSD2119.o [1]
LCD_ColorFill                 0x385   0x16  Code  Gb  SSD2119.o [1]
LCD_DrawFilledRect            0x90d   0x62  Code  Gb  SSD2119.o [1]
LCD_DrawLine                  0x7a7   0xdc  Code  Gb  SSD2119.o [1]
LCD_DrawPixel                 0x773   0x34  Code  Gb  SSD2119.o [1]
LCD_DrawRect                  0x883   0x8a  Code  Gb  SSD2119.o [1]
LCD_GPIOInit                   0xbd   0x7c  Code  Gb  SSD2119.o [1]
LCD_Goto                      0x4a7   0x2e  Code  Gb  SSD2119.o [1]
LCD_Init                      0x1c3  0x1a2  Code  Gb  SSD2119.o [1]
LCD_PrintBinary               0x6b1   0x9e  Code  Gb  SSD2119.o [1]
LCD_PrintChar                 0x3a5   0xd4  Code  Gb  SSD2119.o [1]
LCD_PrintFloat                0x771    0x2  Code  Gb  SSD2119.o [1]
LCD_PrintHex                  0x635   0x7c  Code  Gb  SSD2119.o [1]
LCD_PrintInteger              0x5cb   0x6a  Code  Gb  SSD2119.o [1]
LCD_PrintString               0x479   0x20  Code  Gb  SSD2119.o [1]
LCD_SetCursor                 0x499    0xe  Code  Gb  SSD2119.o [1]
LCD_SetTextColor              0x4d5   0x14  Code  Gb  SSD2119.o [1]
LCD_WriteCommand              0x139   0x42  Code  Gb  SSD2119.o [1]
LCD_WriteData                 0x17b   0x48  Code  Gb  SSD2119.o [1]
Region$$Table$$Base          0x2c60          --   Gb  - Linker created -
Region$$Table$$Limit         0x2c80          --   Gb  - Linker created -
ResetTimer0                  0x1999    0xc  Code  Gb  servo.o [1]
SLOT_COLOR              0x2000'0000   0x48  Data  Gb  LCD_display.o [1]
StartTimer0                  0x198d    0xc  Code  Gb  servo.o [1]
Timeout0                     0x19ab    0xa  Code  Gb  servo.o [1]
Timer0_Init                  0x1965   0x28  Code  Gb  servo.o [1]
Timer2A_Handler              0x1b49   0x8c  Code  Gb  servo.o [1]
Touch_GetCoords               0xc21   0x4e  Code  Gb  SSD2119.o [1]
Touch_Init                    0x975   0x3e  Code  Gb  SSD2119.o [1]
Touch_ReadX                   0xa91   0xd0  Code  Gb  SSD2119.o [1]
Touch_ReadY                   0xb69   0xac  Code  Gb  SSD2119.o [1]
Touch_XVal              0x2000'028a    0x2  Data  Gb  SSD2119.o [1]
Touch_YVal              0x2000'028c    0x2  Data  Gb  SSD2119.o [1]
__aeabi_cdcmple              0x1935         Code  Gb  DblCmpLe.o [3]
__aeabi_d2iz                 0x18f9         Code  Gb  DblToS32.o [3]
__aeabi_dadd                 0x177d         Code  Gb  DblAdd.o [3]
__aeabi_ddiv                 0x2275         Code  Gb  DblDiv.o [3]
__aeabi_dmul                 0x26d9         Code  Gb  DblMul.o [3]
__aeabi_dsub                 0x2119         Code  Gb  DblSub.o [3]
__aeabi_i2d                  0x1759         Code  Gb  S32ToDbl.o [3]
__cmain                      0x2c85         Code  Gb  cmain.o [4]
__exit                       0x2cb9   0x14  Code  Gb  exit.o [5]
__iar_dadd                   0x2129         Code  Gb  DblSub.o [3]
__iar_data_init3             0x2c15   0x28  Code  Gb  data_init.o [4]
__iar_dsub                   0x178d         Code  Gb  DblAdd.o [3]
__iar_dsubStart              0x179f         Code  Gb  DblAdd.o [3]
__iar_init_vfp               0x2c3d         Code  Gb  fpinit_M.o [3]
__iar_packbits_init_single3
                             0x2bdd   0x38  Code  Gb  packbits_init_single.o [4]
__iar_program_start          0x2d19   0x10  Code  Gb  cstartup_M.o [1]
__iar_unaligned_memcpy        0xd2d         Code  Gb  ABImemcpy_unaligned.o [4]
__iar_unaligned_memcpy4
                              0xd4d         Code  Gb  ABImemcpy_unaligned.o [4]
__iar_unaligned_memcpy8
                              0xd4d         Code  Gb  ABImemcpy_unaligned.o [4]
__iar_unaligned_memmove
                             0x21fd         Code  Gb  ABImemmove_unaligned.o [4]
__iar_unaligned_memmove4
                             0x21fd         Code  Gb  ABImemmove_unaligned.o [4]
__iar_unaligned_memmove8
                             0x21fd         Code  Gb  ABImemmove_unaligned.o [4]
__iar_zero_init3              0xda3   0x3a  Code  Gb  zero_init3.o [4]
__low_level_init             0x2ca3    0x4  Code  Gb  low_level_init.o [2]
__vector_table                  0x0   0xbc  Data  Gb  cstartup_M.o [1]
_call_main                   0x2c91         Code  Gb  cmain.o [4]
_exit                        0x2cad         Code  Gb  cexit.o [4]
_main                        0x2c9f         Code  Gb  cmain.o [4]
abs                           0x39b    0xa  Code  Gb  SSD2119.o [1]
adjust_heap                  0x1dab   0x86  Code  Lc  qsort.o [2]
baud_rate               0x2000'004c    0x4  Data  Gb  uart_pd.o [1]
buttonPressPill              0x1401   0x3e  Code  Gb  LCD_display.o [1]
buttonPressSlot              0x1331   0xc0  Code  Gb  LCD_display.o [1]
calcuatePeriod               0x1a67   0x20  Code  Gb  servo.o [1]
clock_rate              0x2000'0048    0x4  Data  Gb  uart_pd.o [1]
compare                      0x1663   0x1a  Code  Gb  pillslot.o [1]
convertColor                  0x365   0x20  Code  Gb  SSD2119.o [1]
curServo                0x2000'027c    0x4  Data  Gb  servo.o [1]
cursorX                 0x2000'0284    0x2  Data  Gb  SSD2119.o [1]
cursorY                 0x2000'0286    0x2  Data  Gb  SSD2119.o [1]
dispense                     0x2a5d   0x1a  Code  Gb  main.o [1]
dispenseSlot                 0x1aff   0x4a  Code  Gb  servo.o [1]
enable                  0x2000'025c   0x10  Data  Gb  servo.o [1]
exit                         0x2ca7    0x4  Code  Gb  exit.o [2]
getNextPill                  0x16d3   0x7e  Code  Gb  pillslot.o [1]
getPill                      0x16c1   0x12  Code  Gb  pillslot.o [1]
get_fbrd                     0x256d   0x6c  Code  Gb  uart_pd.o [1]
get_ibrd                     0x2535   0x38  Code  Gb  uart_pd.o [1]
intro_sort                   0x1e31  0x2d0  Code  Lc  qsort.o [2]
main                         0x2a77  0x158  Code  Gb  main.o [1]
med3                         0x1d5b   0x50  Code  Lc  qsort.o [2]
page                    0x2000'0050    0x1  Data  Gb  LCD_display.o [1]
pills                   0x2000'0054  0x1f8  Data  Gb  pillslot.o [1]
pll_Init                     0x24bd   0x78  Code  Gb  uart_pd.o [1]
portD_Init                   0x1a0b   0x5c  Code  Gb  servo.o [1]
prevX                   0x2000'026c    0x4  Data  Gb  LCD_display.o [1]
prevY                   0x2000'0270    0x4  Data  Gb  LCD_display.o [1]
printPill                     0xfd5  0x142  Code  Gb  LCD_display.o [1]
printTime                     0xedf   0x34  Code  Gb  LCD_display.o [1]
printf                        0x4e9   0xe2  Code  Gb  SSD2119.o [1]
px2Char                       0xe41   0x1e  Code  Gb  LCD_display.o [1]
qsort                        0x2101   0x18  Code  Gb  qsort.o [2]
readCoor                     0x143f   0xd4  Code  Gb  LCD_display.o [1]
remainderPulse          0x2000'0280    0x4  Data  Gb  servo.o [1]
rot3                         0x1ca3   0x68  Code  Lc  qsort.o [2]
rotate                       0x1d11   0x4a  Code  Lc  qsort.o [2]
servoPulse              0x2000'024c   0x10  Data  Gb  servo.o [1]
servo_Init                   0x1a87   0x4e  Code  Gb  servo.o [1]
servo_write                  0x1ad5   0x2a  Code  Gb  servo.o [1]
setAmount                    0x1657    0xc  Code  Gb  pillslot.o [1]
setName                      0x1629   0x2e  Code  Gb  pillslot.o [1]
setTime                      0x167d   0x44  Code  Gb  pillslot.o [1]
setTime0                     0x19a5    0x6  Code  Gb  servo.o [1]
swap                         0x1c4d   0x56  Code  Lc  qsort.o [2]
switchPage                   0x1513   0xa6  Code  Gb  LCD_display.o [1]
textColor               0x2000'0288    0x2  Data  Gb  SSD2119.o [1]
ticksPerMicrosecond     0x2000'0278    0x4  Data  Gb  servo.o [1]
timer2A_Init                 0x19b5   0x56  Code  Gb  servo.o [1]
touch                   0x2000'0274    0x4  Data  Gb  LCD_display.o [1]
uart1_Init                   0x25d9   0x84  Code  Gb  uart_pd.o [1]
uart1_inchar                 0x265d   0x10  Code  Gb  uart_pd.o [1]
uart1_inchar_non_block       0x266d   0x14  Code  Gb  uart_pd.o [1]


[1] = C:\Users\podsh\Desktop\work\CSE_474\test\pill_dispenser_embedded\Debug\Obj
[2] = dl7M_tln.a
[3] = m7M_tls.a
[4] = rt7M_tl.a
[5] = shb_l.a

  10 788 bytes of readonly  code memory
     971 bytes of readonly  data memory
   4 747 bytes of readwrite data memory

Errors: none
Warnings: none
